<?xml version="1.0" encoding="utf-8"?>
<CoverageSession xmlns:xsd="http://www.w3.org/2001/XMLSchema" xmlns:xsi="http://www.w3.org/2001/XMLSchema-instance">
  <Modules>
    <Module hash="5B-F3-CA-54-D6-B5-40-C3-26-5B-44-36-C9-A0-D2-3E-E2-99-29-4E">
      <FullName>C:\Users\Jaco\Documents\Visual Studio 2010\Projects\Raptorious.Finance\Raptorious.Finance.Test\bin\Debug\Raptorious.Finance.Test.dll</FullName>
      <ModuleName>Raptorious.Finance.Test</ModuleName>
      <Files>
        <File uid="1" fullPath="C:\Users\Jaco\documents\visual studio 2010\Projects\Raptorious.Finance\Raptorious.Finance.Test\TransactionBalanceTest.cs" />
      </Files>
      <Classes>
        <Class>
          <FullName>&lt;Module&gt;</FullName>
          <Methods />
        </Class>
        <Class>
          <FullName>Raptorious.Finance.Swift.Test.TransactionBalanceTest</FullName>
          <Methods>
            <Method cyclomaticComplexity="1">
              <MetadataToken>100663301</MetadataToken>
              <Name>System.Void Raptorious.Finance.Swift.Test.TransactionBalanceTest::.ctor()</Name>
              <SequencePoints />
            </Method>
            <Method cyclomaticComplexity="1">
              <MetadataToken>100663297</MetadataToken>
              <Name>System.Void Raptorious.Finance.Swift.Test.TransactionBalanceTest::Credit_100_EUR_On_20_06_2011_Test()</Name>
              <FileRef uid="1" />
              <SequencePoints>
                <SequencePoint ordinal="0" offset="0" sl="15" sc="9" el="15" ec="10" vc="0" uspid="1" />
                <SequencePoint ordinal="1" offset="1" sl="17" sc="13" el="17" ec="71" vc="0" uspid="2" />
                <SequencePoint ordinal="2" offset="12" sl="19" sc="13" el="19" ec="58" vc="0" uspid="3" />
                <SequencePoint ordinal="3" offset="31" sl="20" sc="13" el="20" ec="90" vc="0" uspid="4" />
                <SequencePoint ordinal="4" offset="56" sl="21" sc="13" el="21" ec="54" vc="0" uspid="5" />
                <SequencePoint ordinal="5" offset="73" sl="22" sc="13" el="22" ec="70" vc="0" uspid="6" />
                <SequencePoint ordinal="6" offset="86" sl="23" sc="9" el="23" ec="10" vc="0" uspid="7" />
              </SequencePoints>
            </Method>
            <Method cyclomaticComplexity="1">
              <MetadataToken>100663298</MetadataToken>
              <Name>System.Void Raptorious.Finance.Swift.Test.TransactionBalanceTest::BadDataInsertedTest()</Name>
              <FileRef uid="1" />
              <SequencePoints>
                <SequencePoint ordinal="0" offset="0" sl="28" sc="9" el="28" ec="10" vc="0" uspid="8" />
                <SequencePoint ordinal="1" offset="1" sl="30" sc="13" el="30" ec="71" vc="0" uspid="9" />
                <SequencePoint ordinal="2" offset="12" sl="31" sc="9" el="31" ec="10" vc="0" uspid="10" />
              </SequencePoints>
            </Method>
            <Method cyclomaticComplexity="1">
              <MetadataToken>100663299</MetadataToken>
              <Name>System.Void Raptorious.Finance.Swift.Test.TransactionBalanceTest::Credit_100_EUR_On_20_16_2011_Test()</Name>
              <FileRef uid="1" />
              <SequencePoints>
                <SequencePoint ordinal="0" offset="0" sl="36" sc="9" el="36" ec="10" vc="0" uspid="11" />
                <SequencePoint ordinal="1" offset="1" sl="38" sc="13" el="38" ec="71" vc="0" uspid="12" />
                <SequencePoint ordinal="2" offset="12" sl="39" sc="9" el="39" ec="10" vc="0" uspid="13" />
              </SequencePoints>
            </Method>
            <Method cyclomaticComplexity="1">
              <MetadataToken>100663300</MetadataToken>
              <Name>System.Void Raptorious.Finance.Swift.Test.TransactionBalanceTest::EmptyDataTest()</Name>
              <FileRef uid="1" />
              <SequencePoints>
                <SequencePoint ordinal="0" offset="0" sl="44" sc="9" el="44" ec="10" vc="0" uspid="14" />
                <SequencePoint ordinal="1" offset="1" sl="46" sc="13" el="46" ec="71" vc="0" uspid="15" />
                <SequencePoint ordinal="2" offset="12" sl="47" sc="9" el="47" ec="10" vc="0" uspid="16" />
              </SequencePoints>
            </Method>
          </Methods>
        </Class>
      </Classes>
    </Module>
    <Module hash="63-12-BD-FE-92-C7-E2-14-3F-03-79-9B-04-60-23-BC-C5-07-73-4C">
      <FullName>C:\Users\Jaco\Documents\Visual Studio 2010\Projects\Raptorious.Finance\raptorious.finance.test\bin\debug\Raptorious.Finance.Swift.dll</FullName>
      <ModuleName>Raptorious.Finance.Swift</ModuleName>
      <Files>
        <File uid="3" fullPath="C:\Users\Jaco\documents\visual studio 2010\Projects\Raptorious.Finance\Raptorious.Finance.Swift\TransactionBalance.cs" />
        <File uid="4" fullPath="C:\Users\Jaco\documents\visual studio 2010\Projects\Raptorious.Finance\Raptorious.Finance.Swift\CustomerStatement.cs" />
        <File uid="5" fullPath="C:\Users\Jaco\documents\visual studio 2010\Projects\Raptorious.Finance\Raptorious.Finance.Swift\Parser.cs" />
        <File uid="6" fullPath="C:\Users\Jaco\documents\visual studio 2010\Projects\Raptorious.Finance\Raptorious.Finance.Swift\DebitCreditFactory.cs" />
        <File uid="7" fullPath="C:\Users\Jaco\documents\visual studio 2010\Projects\Raptorious.Finance\Raptorious.Finance.Swift\Statement.cs" />
      </Files>
      <Classes>
        <Class>
          <FullName>&lt;Module&gt;</FullName>
          <Methods />
        </Class>
        <Class>
          <FullName>Raptorious.Finance.Swift.TransactionBalance</FullName>
          <Methods>
            <Method cyclomaticComplexity="2">
              <MetadataToken>100663305</MetadataToken>
              <Name>System.Void Raptorious.Finance.Swift.TransactionBalance::.ctor(System.String)</Name>
              <FileRef uid="3" />
              <SequencePoints>
                <SequencePoint ordinal="0" offset="0" sl="14" sc="9" el="14" ec="47" vc="0" uspid="17" />
                <SequencePoint ordinal="1" offset="7" sl="15" sc="9" el="15" ec="10" vc="0" uspid="18" />
                <SequencePoint ordinal="2" offset="8" sl="18" sc="13" el="18" ec="98" vc="0" uspid="19" />
                <SequencePoint ordinal="3" offset="19" sl="19" sc="13" el="19" ec="45" vc="0" uspid="20" />
                <SequencePoint ordinal="4" offset="27" sl="21" sc="13" el="21" ec="40" vc="0" uspid="21" />
                <SequencePoint ordinal="5" offset="48" sl="22" sc="17" el="22" ec="72" vc="0" uspid="22" />
                <SequencePoint ordinal="6" offset="55" sl="24" sc="13" el="24" ec="81" vc="0" uspid="23" />
                <SequencePoint ordinal="7" offset="84" sl="26" sc="13" el="30" ec="15" vc="0" uspid="24" />
                <SequencePoint ordinal="8" offset="172" sl="32" sc="13" el="32" ec="51" vc="0" uspid="25" />
                <SequencePoint ordinal="9" offset="196" sl="34" sc="13" el="34" ec="76" vc="0" uspid="26" />
                <SequencePoint ordinal="10" offset="224" sl="35" sc="13" el="35" ec="58" vc="0" uspid="27" />
                <SequencePoint ordinal="11" offset="237" sl="36" sc="9" el="36" ec="10" vc="0" uspid="28" />
              </SequencePoints>
            </Method>
            <Method cyclomaticComplexity="1">
              <MetadataToken>100663297</MetadataToken>
              <Name>Raptorious.Finance.Swift.DebitCredit Raptorious.Finance.Swift.TransactionBalance::get_DebitCredit()</Name>
              <SequencePoints />
            </Method>
            <Method cyclomaticComplexity="1">
              <MetadataToken>100663298</MetadataToken>
              <Name>System.Void Raptorious.Finance.Swift.TransactionBalance::set_DebitCredit(Raptorious.Finance.Swift.DebitCredit)</Name>
              <SequencePoints />
            </Method>
            <Method cyclomaticComplexity="1">
              <MetadataToken>100663299</MetadataToken>
              <Name>System.DateTime Raptorious.Finance.Swift.TransactionBalance::get_ClosingBalanceEntryDate()</Name>
              <SequencePoints />
            </Method>
            <Method cyclomaticComplexity="1">
              <MetadataToken>100663300</MetadataToken>
              <Name>System.Void Raptorious.Finance.Swift.TransactionBalance::set_ClosingBalanceEntryDate(System.DateTime)</Name>
              <SequencePoints />
            </Method>
            <Method cyclomaticComplexity="1">
              <MetadataToken>100663301</MetadataToken>
              <Name>System.String Raptorious.Finance.Swift.TransactionBalance::get_Currency()</Name>
              <SequencePoints />
            </Method>
            <Method cyclomaticComplexity="1">
              <MetadataToken>100663302</MetadataToken>
              <Name>System.Void Raptorious.Finance.Swift.TransactionBalance::set_Currency(System.String)</Name>
              <SequencePoints />
            </Method>
            <Method cyclomaticComplexity="1">
              <MetadataToken>100663303</MetadataToken>
              <Name>System.Decimal Raptorious.Finance.Swift.TransactionBalance::get_ClosingBalance()</Name>
              <SequencePoints />
            </Method>
            <Method cyclomaticComplexity="1">
              <MetadataToken>100663304</MetadataToken>
              <Name>System.Void Raptorious.Finance.Swift.TransactionBalance::set_ClosingBalance(System.Decimal)</Name>
              <SequencePoints />
            </Method>
          </Methods>
        </Class>
        <Class>
          <FullName>Raptorious.Finance.Swift.CustomerStatement</FullName>
          <Methods>
            <Method cyclomaticComplexity="1">
              <MetadataToken>100663328</MetadataToken>
              <Name>System.Void Raptorious.Finance.Swift.CustomerStatement::.ctor()</Name>
              <FileRef uid="4" />
              <SequencePoints>
                <SequencePoint ordinal="0" offset="0" sl="22" sc="9" el="22" ec="35" vc="0" uspid="29" />
                <SequencePoint ordinal="1" offset="7" sl="23" sc="9" el="23" ec="10" vc="0" uspid="30" />
                <SequencePoint ordinal="2" offset="8" sl="24" sc="13" el="24" ec="59" vc="0" uspid="31" />
                <SequencePoint ordinal="3" offset="20" sl="25" sc="9" el="25" ec="10" vc="0" uspid="32" />
              </SequencePoints>
            </Method>
            <Method cyclomaticComplexity="1">
              <MetadataToken>100663306</MetadataToken>
              <Name>System.String Raptorious.Finance.Swift.CustomerStatement::get_TransactionReference()</Name>
              <SequencePoints />
            </Method>
            <Method cyclomaticComplexity="1">
              <MetadataToken>100663307</MetadataToken>
              <Name>System.Void Raptorious.Finance.Swift.CustomerStatement::set_TransactionReference(System.String)</Name>
              <SequencePoints />
            </Method>
            <Method cyclomaticComplexity="1">
              <MetadataToken>100663308</MetadataToken>
              <Name>System.String Raptorious.Finance.Swift.CustomerStatement::get_RelatedMessage()</Name>
              <SequencePoints />
            </Method>
            <Method cyclomaticComplexity="1">
              <MetadataToken>100663309</MetadataToken>
              <Name>System.Void Raptorious.Finance.Swift.CustomerStatement::set_RelatedMessage(System.String)</Name>
              <SequencePoints />
            </Method>
            <Method cyclomaticComplexity="1">
              <MetadataToken>100663310</MetadataToken>
              <Name>System.String Raptorious.Finance.Swift.CustomerStatement::get_Account()</Name>
              <SequencePoints />
            </Method>
            <Method cyclomaticComplexity="1">
              <MetadataToken>100663311</MetadataToken>
              <Name>System.Void Raptorious.Finance.Swift.CustomerStatement::set_Account(System.String)</Name>
              <SequencePoints />
            </Method>
            <Method cyclomaticComplexity="1">
              <MetadataToken>100663312</MetadataToken>
              <Name>System.Int32 Raptorious.Finance.Swift.CustomerStatement::get_StatementNumber()</Name>
              <SequencePoints />
            </Method>
            <Method cyclomaticComplexity="1">
              <MetadataToken>100663313</MetadataToken>
              <Name>System.Void Raptorious.Finance.Swift.CustomerStatement::set_StatementNumber(System.Int32)</Name>
              <SequencePoints />
            </Method>
            <Method cyclomaticComplexity="1">
              <MetadataToken>100663314</MetadataToken>
              <Name>System.Int32 Raptorious.Finance.Swift.CustomerStatement::get_SequenceNumber()</Name>
              <SequencePoints />
            </Method>
            <Method cyclomaticComplexity="1">
              <MetadataToken>100663315</MetadataToken>
              <Name>System.Void Raptorious.Finance.Swift.CustomerStatement::set_SequenceNumber(System.Int32)</Name>
              <SequencePoints />
            </Method>
            <Method cyclomaticComplexity="1">
              <MetadataToken>100663316</MetadataToken>
              <Name>Raptorious.Finance.Swift.TransactionBalance Raptorious.Finance.Swift.CustomerStatement::get_OpeningBalance()</Name>
              <SequencePoints />
            </Method>
            <Method cyclomaticComplexity="1">
              <MetadataToken>100663317</MetadataToken>
              <Name>System.Void Raptorious.Finance.Swift.CustomerStatement::set_OpeningBalance(Raptorious.Finance.Swift.TransactionBalance)</Name>
              <SequencePoints />
            </Method>
            <Method cyclomaticComplexity="1">
              <MetadataToken>100663318</MetadataToken>
              <Name>Raptorious.Finance.Swift.TransactionBalance Raptorious.Finance.Swift.CustomerStatement::get_ClosingBalance()</Name>
              <SequencePoints />
            </Method>
            <Method cyclomaticComplexity="1">
              <MetadataToken>100663319</MetadataToken>
              <Name>System.Void Raptorious.Finance.Swift.CustomerStatement::set_ClosingBalance(Raptorious.Finance.Swift.TransactionBalance)</Name>
              <SequencePoints />
            </Method>
            <Method cyclomaticComplexity="1">
              <MetadataToken>100663320</MetadataToken>
              <Name>Raptorious.Finance.Swift.TransactionBalance Raptorious.Finance.Swift.CustomerStatement::get_ClosingAvailableBalance()</Name>
              <SequencePoints />
            </Method>
            <Method cyclomaticComplexity="1">
              <MetadataToken>100663321</MetadataToken>
              <Name>System.Void Raptorious.Finance.Swift.CustomerStatement::set_ClosingAvailableBalance(Raptorious.Finance.Swift.TransactionBalance)</Name>
              <SequencePoints />
            </Method>
            <Method cyclomaticComplexity="1">
              <MetadataToken>100663322</MetadataToken>
              <Name>Raptorious.Finance.Swift.TransactionBalance Raptorious.Finance.Swift.CustomerStatement::get_ForwardAvailableBalance()</Name>
              <SequencePoints />
            </Method>
            <Method cyclomaticComplexity="1">
              <MetadataToken>100663323</MetadataToken>
              <Name>System.Void Raptorious.Finance.Swift.CustomerStatement::set_ForwardAvailableBalance(Raptorious.Finance.Swift.TransactionBalance)</Name>
              <SequencePoints />
            </Method>
            <Method cyclomaticComplexity="1">
              <MetadataToken>100663324</MetadataToken>
              <Name>System.String Raptorious.Finance.Swift.CustomerStatement::get_Description()</Name>
              <SequencePoints />
            </Method>
            <Method cyclomaticComplexity="1">
              <MetadataToken>100663325</MetadataToken>
              <Name>System.Void Raptorious.Finance.Swift.CustomerStatement::set_Description(System.String)</Name>
              <SequencePoints />
            </Method>
            <Method cyclomaticComplexity="1">
              <MetadataToken>100663326</MetadataToken>
              <Name>System.Collections.Generic.List`1&lt;Raptorious.Finance.Swift.Statement&gt; Raptorious.Finance.Swift.CustomerStatement::get_TransactionGroup()</Name>
              <SequencePoints />
            </Method>
            <Method cyclomaticComplexity="1">
              <MetadataToken>100663327</MetadataToken>
              <Name>System.Void Raptorious.Finance.Swift.CustomerStatement::set_TransactionGroup(System.Collections.Generic.List`1&lt;Raptorious.Finance.Swift.Statement&gt;)</Name>
              <SequencePoints />
            </Method>
            <Method cyclomaticComplexity="2">
              <MetadataToken>100663329</MetadataToken>
              <Name>System.Void Raptorious.Finance.Swift.CustomerStatement::SetSequenceNumber(System.String)</Name>
              <FileRef uid="4" />
              <SequencePoints>
                <SequencePoint ordinal="0" offset="0" sl="29" sc="9" el="29" ec="10" vc="0" uspid="33" />
                <SequencePoint ordinal="1" offset="1" sl="30" sc="13" el="30" ec="63" vc="0" uspid="34" />
                <SequencePoint ordinal="2" offset="21" sl="31" sc="13" el="31" ec="62" vc="0" uspid="35" />
                <SequencePoint ordinal="3" offset="36" sl="33" sc="13" el="33" ec="40" vc="0" uspid="36" />
                <SequencePoint ordinal="4" offset="49" sl="34" sc="13" el="34" ec="14" vc="0" uspid="37" />
                <SequencePoint ordinal="5" offset="50" sl="35" sc="17" el="35" ec="58" vc="0" uspid="38" />
                <SequencePoint ordinal="6" offset="59" sl="36" sc="17" el="36" ec="48" vc="0" uspid="39" />
                <SequencePoint ordinal="7" offset="67" sl="37" sc="13" el="37" ec="14" vc="0" uspid="40" />
                <SequencePoint ordinal="8" offset="68" sl="38" sc="9" el="38" ec="10" vc="0" uspid="41" />
              </SequencePoints>
            </Method>
          </Methods>
        </Class>
        <Class>
          <FullName>Raptorious.Finance.Swift.SwitftParser</FullName>
          <Methods>
            <Method cyclomaticComplexity="1">
              <MetadataToken>100663334</MetadataToken>
              <Name>System.Void Raptorious.Finance.Swift.SwitftParser::.ctor()</Name>
              <SequencePoints />
            </Method>
            <Method cyclomaticComplexity="1">
              <MetadataToken>100663330</MetadataToken>
              <Name>System.Collections.Generic.List`1&lt;Raptorious.Finance.Swift.CustomerStatement&gt; Raptorious.Finance.Swift.SwitftParser::ParseFile(System.String)</Name>
              <FileRef uid="5" />
              <SequencePoints>
                <SequencePoint ordinal="0" offset="0" sl="11" sc="9" el="11" ec="10" vc="0" uspid="42" />
                <SequencePoint ordinal="1" offset="1" sl="14" sc="13" el="14" ec="68" vc="0" uspid="43" />
                <SequencePoint ordinal="2" offset="19" sl="15" sc="13" el="15" ec="49" vc="0" uspid="44" />
                <SequencePoint ordinal="3" offset="29" sl="16" sc="9" el="16" ec="10" vc="0" uspid="45" />
              </SequencePoints>
            </Method>
            <Method cyclomaticComplexity="1">
              <MetadataToken>100663331</MetadataToken>
              <Name>System.Collections.Generic.List`1&lt;Raptorious.Finance.Swift.CustomerStatement&gt; Raptorious.Finance.Swift.SwitftParser::ParseData(System.String)</Name>
              <FileRef uid="5" />
              <SequencePoints>
                <SequencePoint ordinal="0" offset="0" sl="19" sc="9" el="19" ec="10" vc="0" uspid="46" />
                <SequencePoint ordinal="1" offset="1" sl="22" sc="13" el="22" ec="70" vc="0" uspid="47" />
                <SequencePoint ordinal="2" offset="9" sl="23" sc="13" el="23" ec="55" vc="0" uspid="48" />
                <SequencePoint ordinal="3" offset="19" sl="24" sc="9" el="24" ec="10" vc="0" uspid="49" />
              </SequencePoints>
            </Method>
            <Method cyclomaticComplexity="18">
              <MetadataToken>100663332</MetadataToken>
              <Name>System.Collections.Generic.List`1&lt;Raptorious.Finance.Swift.CustomerStatement&gt; Raptorious.Finance.Swift.SwitftParser::CreateObjectTransactions(System.Collections.Generic.List`1&lt;System.String[]&gt;)</Name>
              <FileRef uid="5" />
              <SequencePoints>
                <SequencePoint ordinal="0" offset="0" sl="27" sc="9" el="27" ec="10" vc="0" uspid="50" />
                <SequencePoint ordinal="1" offset="1" sl="30" sc="13" el="30" ec="91" vc="0" uspid="51" />
                <SequencePoint ordinal="2" offset="7" sl="31" sc="13" el="31" ec="20" vc="0" uspid="52" />
                <SequencePoint ordinal="3" offset="8" sl="31" sc="46" el="31" ec="50" vc="0" uspid="53" />
                <SequencePoint ordinal="4" offset="21" sl="31" sc="22" el="31" ec="42" vc="0" uspid="54" />
                <SequencePoint ordinal="5" offset="29" sl="32" sc="13" el="32" ec="14" vc="0" uspid="55" />
                <SequencePoint ordinal="6" offset="30" sl="33" sc="17" el="33" ec="44" vc="0" uspid="56" />
                <SequencePoint ordinal="7" offset="32" sl="34" sc="17" el="34" ec="41" vc="0" uspid="57" />
                <SequencePoint ordinal="8" offset="36" sl="36" sc="17" el="36" ec="79" vc="0" uspid="58" />
                <SequencePoint ordinal="9" offset="42" sl="38" sc="17" el="38" ec="44" vc="0" uspid="59" />
                <SequencePoint ordinal="10" offset="50" sl="40" sc="17" el="40" ec="18" vc="0" uspid="60" />
                <SequencePoint ordinal="11" offset="51" sl="41" sc="21" el="41" ec="78" vc="0" uspid="61" />
                <SequencePoint ordinal="12" offset="56" sl="43" sc="21" el="43" ec="49" vc="0" uspid="62" />
                <SequencePoint ordinal="13" offset="70" sl="44" sc="21" el="44" ec="22" vc="0" uspid="63" />
                <SequencePoint ordinal="14" offset="71" sl="45" sc="25" el="45" ec="131" vc="0" uspid="64" />
                <SequencePoint ordinal="15" offset="101" sl="46" sc="25" el="46" ec="88" vc="0" uspid="65" />
                <SequencePoint ordinal="16" offset="117" sl="48" sc="25" el="48" ec="37" vc="0" uspid="66" />
                <SequencePoint ordinal="17" offset="433" sl="51" sc="33" el="51" ec="90" vc="0" uspid="67" />
                <SequencePoint ordinal="18" offset="442" sl="52" sc="33" el="52" ec="39" vc="0" uspid="68" />
                <SequencePoint ordinal="19" offset="447" sl="54" sc="33" el="54" ec="84" vc="0" uspid="69" />
                <SequencePoint ordinal="20" offset="456" sl="55" sc="33" el="55" ec="39" vc="0" uspid="70" />
                <SequencePoint ordinal="21" offset="461" sl="57" sc="33" el="57" ec="77" vc="0" uspid="71" />
                <SequencePoint ordinal="22" offset="470" sl="58" sc="33" el="58" ec="39" vc="0" uspid="72" />
                <SequencePoint ordinal="23" offset="475" sl="61" sc="33" el="61" ec="86" vc="0" uspid="73" />
                <SequencePoint ordinal="24" offset="484" sl="62" sc="33" el="62" ec="39" vc="0" uspid="74" />
                <SequencePoint ordinal="25" offset="489" sl="66" sc="33" el="66" ec="108" vc="0" uspid="75" />
                <SequencePoint ordinal="26" offset="503" sl="67" sc="33" el="67" ec="39" vc="0" uspid="76" />
                <SequencePoint ordinal="27" offset="505" sl="69" sc="33" el="69" ec="76" vc="0" uspid="77" />
                <SequencePoint ordinal="28" offset="514" sl="70" sc="33" el="70" ec="39" vc="0" uspid="78" />
                <SequencePoint ordinal="29" offset="516" sl="72" sc="33" el="72" ec="55" vc="0" uspid="79" />
                <SequencePoint ordinal="30" offset="530" sl="73" sc="37" el="73" ec="85" vc="0" uspid="80" />
                <SequencePoint ordinal="31" offset="541" sl="75" sc="33" el="75" ec="34" vc="0" uspid="81" />
                <SequencePoint ordinal="32" offset="542" sl="76" sc="37" el="76" ec="77" vc="0" uspid="82" />
                <SequencePoint ordinal="33" offset="552" sl="77" sc="37" el="77" ec="87" vc="0" uspid="83" />
                <SequencePoint ordinal="34" offset="566" sl="78" sc="37" el="78" ec="54" vc="0" uspid="84" />
                <SequencePoint ordinal="35" offset="569" sl="79" sc="33" el="79" ec="34" vc="0" uspid="85" />
                <SequencePoint ordinal="36" offset="570" sl="80" sc="33" el="80" ec="39" vc="0" uspid="86" />
                <SequencePoint ordinal="37" offset="572" sl="84" sc="33" el="84" ec="108" vc="0" uspid="87" />
                <SequencePoint ordinal="38" offset="586" sl="85" sc="33" el="85" ec="39" vc="0" uspid="88" />
                <SequencePoint ordinal="39" offset="588" sl="87" sc="33" el="87" ec="117" vc="0" uspid="89" />
                <SequencePoint ordinal="40" offset="602" sl="88" sc="33" el="88" ec="39" vc="0" uspid="90" />
                <SequencePoint ordinal="41" offset="604" sl="90" sc="33" el="90" ec="117" vc="0" uspid="91" />
                <SequencePoint ordinal="42" offset="618" sl="91" sc="33" el="91" ec="39" vc="0" uspid="92" />
                <SequencePoint ordinal="43" offset="620" sl="93" sc="21" el="93" ec="22" vc="0" uspid="93" />
                <SequencePoint ordinal="44" offset="621" sl="94" sc="17" el="94" ec="18" vc="0" uspid="94" />
                <SequencePoint ordinal="45" offset="622" sl="39" sc="65" el="39" ec="85" vc="0" uspid="95" />
                <SequencePoint ordinal="46" offset="626" sl="39" sc="24" el="39" ec="63" vc="0" uspid="96" />
                <SequencePoint ordinal="47" offset="641" sl="97" sc="17" el="97" ec="62" vc="0" uspid="97" />
                <SequencePoint ordinal="48" offset="649" sl="98" sc="17" el="98" ec="61" vc="0" uspid="98" />
                <SequencePoint ordinal="49" offset="655" sl="99" sc="13" el="99" ec="14" vc="0" uspid="99" />
                <SequencePoint ordinal="50" offset="656" sl="31" sc="43" el="31" ec="45" vc="0" uspid="100" />
                <SequencePoint ordinal="51" offset="690" sl="101" sc="13" el="101" ec="42" vc="0" uspid="101" />
                <SequencePoint ordinal="52" offset="695" sl="102" sc="9" el="102" ec="10" vc="0" uspid="102" />
              </SequencePoints>
            </Method>
            <Method cyclomaticComplexity="5">
              <MetadataToken>100663333</MetadataToken>
              <Name>System.Collections.Generic.List`1&lt;System.String[]&gt; Raptorious.Finance.Swift.SwitftParser::CreateStringTransactions(System.String)</Name>
              <FileRef uid="5" />
              <SequencePoints>
                <SequencePoint ordinal="0" offset="0" sl="105" sc="9" el="105" ec="10" vc="0" uspid="103" />
                <SequencePoint ordinal="1" offset="1" sl="106" sc="13" el="106" ec="108" vc="0" uspid="104" />
                <SequencePoint ordinal="2" offset="28" sl="108" sc="13" el="108" ec="64" vc="0" uspid="105" />
                <SequencePoint ordinal="3" offset="34" sl="110" sc="13" el="110" ec="29" vc="0" uspid="106" />
                <SequencePoint ordinal="4" offset="41" sl="112" sc="13" el="112" ec="14" vc="0" uspid="107" />
                <SequencePoint ordinal="5" offset="42" sl="113" sc="17" el="113" ec="77" vc="0" uspid="108" />
                <SequencePoint ordinal="6" offset="55" sl="114" sc="17" el="114" ec="41" vc="0" uspid="109" />
                <SequencePoint ordinal="7" offset="68" sl="115" sc="17" el="115" ec="18" vc="0" uspid="110" />
                <SequencePoint ordinal="8" offset="69" sl="116" sc="21" el="116" ec="88" vc="0" uspid="111" />
                <SequencePoint ordinal="9" offset="79" sl="117" sc="21" el="117" ec="102" vc="0" uspid="112" />
                <SequencePoint ordinal="10" offset="94" sl="119" sc="26" el="119" ec="68" vc="0" uspid="113" />
                <SequencePoint ordinal="11" offset="104" sl="120" sc="21" el="120" ec="22" vc="0" uspid="114" />
                <SequencePoint ordinal="12" offset="105" sl="121" sc="25" el="121" ec="76" vc="0" uspid="115" />
                <SequencePoint ordinal="13" offset="112" sl="122" sc="25" el="122" ec="62" vc="0" uspid="116" />
                <SequencePoint ordinal="14" offset="130" sl="123" sc="25" el="123" ec="26" vc="0" uspid="117" />
                <SequencePoint ordinal="15" offset="131" sl="124" sc="29" el="124" ec="82" vc="0" uspid="118" />
                <SequencePoint ordinal="16" offset="159" sl="125" sc="29" el="125" ec="78" vc="0" uspid="119" />
                <SequencePoint ordinal="17" offset="184" sl="127" sc="29" el="127" ec="62" vc="0" uspid="120" />
                <SequencePoint ordinal="18" offset="190" sl="128" sc="25" el="128" ec="26" vc="0" uspid="121" />
                <SequencePoint ordinal="19" offset="191" sl="129" sc="21" el="129" ec="22" vc="0" uspid="122" />
                <SequencePoint ordinal="20" offset="192" sl="119" sc="80" el="119" ec="87" vc="0" uspid="123" />
                <SequencePoint ordinal="21" offset="198" sl="119" sc="69" el="119" ec="78" vc="0" uspid="124" />
                <SequencePoint ordinal="22" offset="209" sl="131" sc="21" el="131" ec="58" vc="0" uspid="125" />
                <SequencePoint ordinal="23" offset="218" sl="132" sc="21" el="132" ec="52" vc="0" uspid="126" />
                <SequencePoint ordinal="24" offset="222" sl="133" sc="17" el="133" ec="18" vc="0" uspid="127" />
                <SequencePoint ordinal="25" offset="223" sl="134" sc="13" el="134" ec="14" vc="0" uspid="128" />
                <SequencePoint ordinal="26" offset="224" sl="111" sc="13" el="111" ec="47" vc="0" uspid="129" />
                <SequencePoint ordinal="27" offset="239" sl="136" sc="13" el="136" ec="33" vc="0" uspid="130" />
                <SequencePoint ordinal="28" offset="244" sl="137" sc="9" el="137" ec="10" vc="0" uspid="131" />
              </SequencePoints>
            </Method>
          </Methods>
        </Class>
        <Class>
          <FullName>Raptorious.Finance.Swift.DebitCredit</FullName>
          <Methods />
        </Class>
        <Class>
          <FullName>Raptorious.Finance.Swift.DebitCreditFactory</FullName>
          <Methods>
            <Method cyclomaticComplexity="1">
              <MetadataToken>100663336</MetadataToken>
              <Name>System.Void Raptorious.Finance.Swift.DebitCreditFactory::.ctor()</Name>
              <SequencePoints />
            </Method>
            <Method cyclomaticComplexity="6">
              <MetadataToken>100663335</MetadataToken>
              <Name>Raptorious.Finance.Swift.DebitCredit Raptorious.Finance.Swift.DebitCreditFactory::Create(System.String)</Name>
              <FileRef uid="6" />
              <SequencePoints>
                <SequencePoint ordinal="0" offset="0" sl="13" sc="9" el="13" ec="10" vc="0" uspid="132" />
                <SequencePoint ordinal="1" offset="1" sl="14" sc="13" el="14" ec="25" vc="0" uspid="133" />
                <SequencePoint ordinal="2" offset="60" sl="17" sc="21" el="17" ec="46" vc="0" uspid="134" />
                <SequencePoint ordinal="3" offset="64" sl="19" sc="21" el="19" ec="47" vc="0" uspid="135" />
                <SequencePoint ordinal="4" offset="68" sl="21" sc="21" el="21" ec="43" vc="0" uspid="136" />
                <SequencePoint ordinal="5" offset="72" sl="23" sc="21" el="23" ec="43" vc="0" uspid="137" />
                <SequencePoint ordinal="6" offset="76" sl="26" sc="13" el="26" ec="55" vc="0" uspid="138" />
                <SequencePoint ordinal="7" offset="88" sl="27" sc="9" el="27" ec="10" vc="0" uspid="139" />
              </SequencePoints>
            </Method>
          </Methods>
        </Class>
        <Class>
          <FullName>Raptorious.Finance.Swift.Statement</FullName>
          <Methods>
            <Method cyclomaticComplexity="1">
              <MetadataToken>100663355</MetadataToken>
              <Name>System.Void Raptorious.Finance.Swift.Statement::.ctor(System.String)</Name>
              <FileRef uid="7" />
              <SequencePoints>
                <SequencePoint ordinal="0" offset="0" sl="19" sc="9" el="19" ec="38" vc="0" uspid="140" />
                <SequencePoint ordinal="1" offset="7" sl="20" sc="9" el="20" ec="10" vc="0" uspid="141" />
                <SequencePoint ordinal="2" offset="8" sl="21" sc="13" el="21" ec="243" vc="0" uspid="142" />
                <SequencePoint ordinal="3" offset="19" sl="22" sc="13" el="22" ec="45" vc="0" uspid="143" />
                <SequencePoint ordinal="4" offset="27" sl="24" sc="13" el="24" ec="26" vc="0" uspid="144" />
                <SequencePoint ordinal="5" offset="35" sl="26" sc="13" el="29" ec="59" vc="0" uspid="145" />
                <SequencePoint ordinal="6" offset="135" sl="31" sc="13" el="34" ec="60" vc="0" uspid="146" />
                <SequencePoint ordinal="7" offset="235" sl="36" sc="13" el="36" ec="72" vc="0" uspid="147" />
                <SequencePoint ordinal="8" offset="257" sl="37" sc="13" el="37" ec="70" vc="0" uspid="148" />
                <SequencePoint ordinal="9" offset="270" sl="39" sc="13" el="39" ec="72" vc="0" uspid="149" />
                <SequencePoint ordinal="10" offset="303" sl="41" sc="13" el="41" ec="69" vc="0" uspid="150" />
                <SequencePoint ordinal="11" offset="331" sl="42" sc="13" el="42" ec="57" vc="0" uspid="151" />
                <SequencePoint ordinal="12" offset="359" sl="43" sc="13" el="43" ec="57" vc="0" uspid="152" />
                <SequencePoint ordinal="13" offset="387" sl="44" sc="9" el="44" ec="10" vc="0" uspid="153" />
              </SequencePoints>
            </Method>
            <Method cyclomaticComplexity="1">
              <MetadataToken>100663337</MetadataToken>
              <Name>System.String Raptorious.Finance.Swift.Statement::get_Value()</Name>
              <SequencePoints />
            </Method>
            <Method cyclomaticComplexity="1">
              <MetadataToken>100663338</MetadataToken>
              <Name>System.Void Raptorious.Finance.Swift.Statement::set_Value(System.String)</Name>
              <SequencePoints />
            </Method>
            <Method cyclomaticComplexity="1">
              <MetadataToken>100663339</MetadataToken>
              <Name>System.String Raptorious.Finance.Swift.Statement::get_Description()</Name>
              <SequencePoints />
            </Method>
            <Method cyclomaticComplexity="1">
              <MetadataToken>100663340</MetadataToken>
              <Name>System.Void Raptorious.Finance.Swift.Statement::set_Description(System.String)</Name>
              <SequencePoints />
            </Method>
            <Method cyclomaticComplexity="1">
              <MetadataToken>100663341</MetadataToken>
              <Name>System.DateTime Raptorious.Finance.Swift.Statement::get_ValueDate()</Name>
              <SequencePoints />
            </Method>
            <Method cyclomaticComplexity="1">
              <MetadataToken>100663342</MetadataToken>
              <Name>System.Void Raptorious.Finance.Swift.Statement::set_ValueDate(System.DateTime)</Name>
              <SequencePoints />
            </Method>
            <Method cyclomaticComplexity="1">
              <MetadataToken>100663343</MetadataToken>
              <Name>System.DateTime Raptorious.Finance.Swift.Statement::get_EntryDate()</Name>
              <SequencePoints />
            </Method>
            <Method cyclomaticComplexity="1">
              <MetadataToken>100663344</MetadataToken>
              <Name>System.Void Raptorious.Finance.Swift.Statement::set_EntryDate(System.DateTime)</Name>
              <SequencePoints />
            </Method>
            <Method cyclomaticComplexity="1">
              <MetadataToken>100663345</MetadataToken>
              <Name>System.String Raptorious.Finance.Swift.Statement::get_FundsCode()</Name>
              <SequencePoints />
            </Method>
            <Method cyclomaticComplexity="1">
              <MetadataToken>100663346</MetadataToken>
              <Name>System.Void Raptorious.Finance.Swift.Statement::set_FundsCode(System.String)</Name>
              <SequencePoints />
            </Method>
            <Method cyclomaticComplexity="1">
              <MetadataToken>100663347</MetadataToken>
              <Name>System.Decimal Raptorious.Finance.Swift.Statement::get_Ammount()</Name>
              <SequencePoints />
            </Method>
            <Method cyclomaticComplexity="1">
              <MetadataToken>100663348</MetadataToken>
              <Name>System.Void Raptorious.Finance.Swift.Statement::set_Ammount(System.Decimal)</Name>
              <SequencePoints />
            </Method>
            <Method cyclomaticComplexity="1">
              <MetadataToken>100663349</MetadataToken>
              <Name>System.String Raptorious.Finance.Swift.Statement::get_TransactionType()</Name>
              <SequencePoints />
            </Method>
            <Method cyclomaticComplexity="1">
              <MetadataToken>100663350</MetadataToken>
              <Name>System.Void Raptorious.Finance.Swift.Statement::set_TransactionType(System.String)</Name>
              <SequencePoints />
            </Method>
            <Method cyclomaticComplexity="1">
              <MetadataToken>100663351</MetadataToken>
              <Name>System.String Raptorious.Finance.Swift.Statement::get_Reference()</Name>
              <SequencePoints />
            </Method>
            <Method cyclomaticComplexity="1">
              <MetadataToken>100663352</MetadataToken>
              <Name>System.Void Raptorious.Finance.Swift.Statement::set_Reference(System.String)</Name>
              <SequencePoints />
            </Method>
            <Method cyclomaticComplexity="1">
              <MetadataToken>100663353</MetadataToken>
              <Name>Raptorious.Finance.Swift.DebitCredit Raptorious.Finance.Swift.Statement::get_DebitCredit()</Name>
              <SequencePoints />
            </Method>
            <Method cyclomaticComplexity="1">
              <MetadataToken>100663354</MetadataToken>
              <Name>System.Void Raptorious.Finance.Swift.Statement::set_DebitCredit(Raptorious.Finance.Swift.DebitCredit)</Name>
              <SequencePoints />
            </Method>
          </Methods>
        </Class>
        <Class>
          <FullName>&lt;PrivateImplementationDetails&gt;{058F9418-3654-4FF5-81AC-208775F15DD9}</FullName>
          <Methods />
        </Class>
      </Classes>
    </Module>
    <Module hash="5B-F3-CA-54-D6-B5-40-C3-26-5B-44-36-C9-A0-D2-3E-E2-99-29-4E">
      <FullName>C:\Users\Jaco\Documents\Visual Studio 2010\Projects\Raptorious.Finance\TestResults\Jaco_JINX 2011-07-29 15_08_07\Out\Raptorious.Finance.Test.dll</FullName>
      <ModuleName>Raptorious.Finance.Test</ModuleName>
      <Files>
        <File uid="13" fullPath="C:\Users\Jaco\documents\visual studio 2010\Projects\Raptorious.Finance\Raptorious.Finance.Test\TransactionBalanceTest.cs" />
      </Files>
      <Classes>
        <Class>
          <FullName>&lt;Module&gt;</FullName>
          <Methods />
        </Class>
        <Class>
          <FullName>Raptorious.Finance.Swift.Test.TransactionBalanceTest</FullName>
          <Methods>
            <Method cyclomaticComplexity="1">
              <MetadataToken>100663301</MetadataToken>
              <Name>System.Void Raptorious.Finance.Swift.Test.TransactionBalanceTest::.ctor()</Name>
              <SequencePoints />
            </Method>
            <Method cyclomaticComplexity="1">
              <MetadataToken>100663297</MetadataToken>
              <Name>System.Void Raptorious.Finance.Swift.Test.TransactionBalanceTest::Credit_100_EUR_On_20_06_2011_Test()</Name>
              <FileRef uid="13" />
              <SequencePoints>
                <SequencePoint ordinal="0" offset="0" sl="15" sc="9" el="15" ec="10" vc="1" uspid="154" />
                <SequencePoint ordinal="1" offset="1" sl="17" sc="13" el="17" ec="71" vc="1" uspid="155" />
                <SequencePoint ordinal="2" offset="12" sl="19" sc="13" el="19" ec="58" vc="1" uspid="156" />
                <SequencePoint ordinal="3" offset="31" sl="20" sc="13" el="20" ec="90" vc="1" uspid="157" />
                <SequencePoint ordinal="4" offset="56" sl="21" sc="13" el="21" ec="54" vc="1" uspid="158" />
                <SequencePoint ordinal="5" offset="73" sl="22" sc="13" el="22" ec="70" vc="1" uspid="159" />
                <SequencePoint ordinal="6" offset="86" sl="23" sc="9" el="23" ec="10" vc="1" uspid="160" />
              </SequencePoints>
            </Method>
            <Method cyclomaticComplexity="1">
              <MetadataToken>100663298</MetadataToken>
              <Name>System.Void Raptorious.Finance.Swift.Test.TransactionBalanceTest::BadDataInsertedTest()</Name>
              <FileRef uid="13" />
              <SequencePoints>
                <SequencePoint ordinal="0" offset="0" sl="28" sc="9" el="28" ec="10" vc="1" uspid="161" />
                <SequencePoint ordinal="1" offset="1" sl="30" sc="13" el="30" ec="71" vc="1" uspid="162" />
                <SequencePoint ordinal="2" offset="12" sl="31" sc="9" el="31" ec="10" vc="0" uspid="163" />
              </SequencePoints>
            </Method>
            <Method cyclomaticComplexity="1">
              <MetadataToken>100663299</MetadataToken>
              <Name>System.Void Raptorious.Finance.Swift.Test.TransactionBalanceTest::Credit_100_EUR_On_20_16_2011_Test()</Name>
              <FileRef uid="13" />
              <SequencePoints>
                <SequencePoint ordinal="0" offset="0" sl="36" sc="9" el="36" ec="10" vc="1" uspid="164" />
                <SequencePoint ordinal="1" offset="1" sl="38" sc="13" el="38" ec="71" vc="1" uspid="165" />
                <SequencePoint ordinal="2" offset="12" sl="39" sc="9" el="39" ec="10" vc="0" uspid="166" />
              </SequencePoints>
            </Method>
            <Method cyclomaticComplexity="1">
              <MetadataToken>100663300</MetadataToken>
              <Name>System.Void Raptorious.Finance.Swift.Test.TransactionBalanceTest::EmptyDataTest()</Name>
              <FileRef uid="13" />
              <SequencePoints>
                <SequencePoint ordinal="0" offset="0" sl="44" sc="9" el="44" ec="10" vc="1" uspid="167" />
                <SequencePoint ordinal="1" offset="1" sl="46" sc="13" el="46" ec="71" vc="1" uspid="168" />
                <SequencePoint ordinal="2" offset="12" sl="47" sc="9" el="47" ec="10" vc="0" uspid="169" />
              </SequencePoints>
            </Method>
          </Methods>
        </Class>
      </Classes>
    </Module>
    <Module hash="63-12-BD-FE-92-C7-E2-14-3F-03-79-9B-04-60-23-BC-C5-07-73-4C">
      <FullName>C:\Users\Jaco\Documents\Visual Studio 2010\Projects\Raptorious.Finance\TestResults\Jaco_JINX 2011-07-29 15_08_07\Out\Raptorious.Finance.Swift.dll</FullName>
      <ModuleName>Raptorious.Finance.Swift</ModuleName>
      <Files>
        <File uid="15" fullPath="C:\Users\Jaco\documents\visual studio 2010\Projects\Raptorious.Finance\Raptorious.Finance.Swift\TransactionBalance.cs" />
        <File uid="16" fullPath="C:\Users\Jaco\documents\visual studio 2010\Projects\Raptorious.Finance\Raptorious.Finance.Swift\CustomerStatement.cs" />
        <File uid="17" fullPath="C:\Users\Jaco\documents\visual studio 2010\Projects\Raptorious.Finance\Raptorious.Finance.Swift\Parser.cs" />
        <File uid="18" fullPath="C:\Users\Jaco\documents\visual studio 2010\Projects\Raptorious.Finance\Raptorious.Finance.Swift\DebitCreditFactory.cs" />
        <File uid="19" fullPath="C:\Users\Jaco\documents\visual studio 2010\Projects\Raptorious.Finance\Raptorious.Finance.Swift\Statement.cs" />
      </Files>
      <Classes>
        <Class>
          <FullName>&lt;Module&gt;</FullName>
          <Methods />
        </Class>
        <Class>
          <FullName>Raptorious.Finance.Swift.TransactionBalance</FullName>
          <Methods>
            <Method cyclomaticComplexity="2">
              <MetadataToken>100663305</MetadataToken>
              <Name>System.Void Raptorious.Finance.Swift.TransactionBalance::.ctor(System.String)</Name>
              <FileRef uid="15" />
              <SequencePoints>
                <SequencePoint ordinal="0" offset="0" sl="14" sc="9" el="14" ec="47" vc="4" uspid="170" />
                <SequencePoint ordinal="1" offset="7" sl="15" sc="9" el="15" ec="10" vc="4" uspid="171" />
                <SequencePoint ordinal="2" offset="8" sl="18" sc="13" el="18" ec="98" vc="4" uspid="172" />
                <SequencePoint ordinal="3" offset="19" sl="19" sc="13" el="19" ec="45" vc="4" uspid="173" />
                <SequencePoint ordinal="4" offset="27" sl="21" sc="13" el="21" ec="40" vc="4" uspid="174" />
                <SequencePoint ordinal="5" offset="48" sl="22" sc="17" el="22" ec="72" vc="2" uspid="175" />
                <SequencePoint ordinal="6" offset="55" sl="24" sc="13" el="24" ec="81" vc="2" uspid="176" />
                <SequencePoint ordinal="7" offset="84" sl="26" sc="13" el="30" ec="15" vc="2" uspid="177" />
                <SequencePoint ordinal="8" offset="172" sl="32" sc="13" el="32" ec="51" vc="1" uspid="178" />
                <SequencePoint ordinal="9" offset="196" sl="34" sc="13" el="34" ec="76" vc="1" uspid="179" />
                <SequencePoint ordinal="10" offset="224" sl="35" sc="13" el="35" ec="58" vc="1" uspid="180" />
                <SequencePoint ordinal="11" offset="237" sl="36" sc="9" el="36" ec="10" vc="1" uspid="181" />
              </SequencePoints>
            </Method>
            <Method cyclomaticComplexity="1">
              <MetadataToken>100663297</MetadataToken>
              <Name>Raptorious.Finance.Swift.DebitCredit Raptorious.Finance.Swift.TransactionBalance::get_DebitCredit()</Name>
              <SequencePoints />
            </Method>
            <Method cyclomaticComplexity="1">
              <MetadataToken>100663298</MetadataToken>
              <Name>System.Void Raptorious.Finance.Swift.TransactionBalance::set_DebitCredit(Raptorious.Finance.Swift.DebitCredit)</Name>
              <SequencePoints />
            </Method>
            <Method cyclomaticComplexity="1">
              <MetadataToken>100663299</MetadataToken>
              <Name>System.DateTime Raptorious.Finance.Swift.TransactionBalance::get_ClosingBalanceEntryDate()</Name>
              <SequencePoints />
            </Method>
            <Method cyclomaticComplexity="1">
              <MetadataToken>100663300</MetadataToken>
              <Name>System.Void Raptorious.Finance.Swift.TransactionBalance::set_ClosingBalanceEntryDate(System.DateTime)</Name>
              <SequencePoints />
            </Method>
            <Method cyclomaticComplexity="1">
              <MetadataToken>100663301</MetadataToken>
              <Name>System.String Raptorious.Finance.Swift.TransactionBalance::get_Currency()</Name>
              <SequencePoints />
            </Method>
            <Method cyclomaticComplexity="1">
              <MetadataToken>100663302</MetadataToken>
              <Name>System.Void Raptorious.Finance.Swift.TransactionBalance::set_Currency(System.String)</Name>
              <SequencePoints />
            </Method>
            <Method cyclomaticComplexity="1">
              <MetadataToken>100663303</MetadataToken>
              <Name>System.Decimal Raptorious.Finance.Swift.TransactionBalance::get_ClosingBalance()</Name>
              <SequencePoints />
            </Method>
            <Method cyclomaticComplexity="1">
              <MetadataToken>100663304</MetadataToken>
              <Name>System.Void Raptorious.Finance.Swift.TransactionBalance::set_ClosingBalance(System.Decimal)</Name>
              <SequencePoints />
            </Method>
          </Methods>
        </Class>
        <Class>
          <FullName>Raptorious.Finance.Swift.CustomerStatement</FullName>
          <Methods>
            <Method cyclomaticComplexity="1">
              <MetadataToken>100663328</MetadataToken>
              <Name>System.Void Raptorious.Finance.Swift.CustomerStatement::.ctor()</Name>
              <FileRef uid="16" />
              <SequencePoints>
                <SequencePoint ordinal="0" offset="0" sl="22" sc="9" el="22" ec="35" vc="0" uspid="182" />
                <SequencePoint ordinal="1" offset="7" sl="23" sc="9" el="23" ec="10" vc="0" uspid="183" />
                <SequencePoint ordinal="2" offset="8" sl="24" sc="13" el="24" ec="59" vc="0" uspid="184" />
                <SequencePoint ordinal="3" offset="20" sl="25" sc="9" el="25" ec="10" vc="0" uspid="185" />
              </SequencePoints>
            </Method>
            <Method cyclomaticComplexity="1">
              <MetadataToken>100663306</MetadataToken>
              <Name>System.String Raptorious.Finance.Swift.CustomerStatement::get_TransactionReference()</Name>
              <SequencePoints />
            </Method>
            <Method cyclomaticComplexity="1">
              <MetadataToken>100663307</MetadataToken>
              <Name>System.Void Raptorious.Finance.Swift.CustomerStatement::set_TransactionReference(System.String)</Name>
              <SequencePoints />
            </Method>
            <Method cyclomaticComplexity="1">
              <MetadataToken>100663308</MetadataToken>
              <Name>System.String Raptorious.Finance.Swift.CustomerStatement::get_RelatedMessage()</Name>
              <SequencePoints />
            </Method>
            <Method cyclomaticComplexity="1">
              <MetadataToken>100663309</MetadataToken>
              <Name>System.Void Raptorious.Finance.Swift.CustomerStatement::set_RelatedMessage(System.String)</Name>
              <SequencePoints />
            </Method>
            <Method cyclomaticComplexity="1">
              <MetadataToken>100663310</MetadataToken>
              <Name>System.String Raptorious.Finance.Swift.CustomerStatement::get_Account()</Name>
              <SequencePoints />
            </Method>
            <Method cyclomaticComplexity="1">
              <MetadataToken>100663311</MetadataToken>
              <Name>System.Void Raptorious.Finance.Swift.CustomerStatement::set_Account(System.String)</Name>
              <SequencePoints />
            </Method>
            <Method cyclomaticComplexity="1">
              <MetadataToken>100663312</MetadataToken>
              <Name>System.Int32 Raptorious.Finance.Swift.CustomerStatement::get_StatementNumber()</Name>
              <SequencePoints />
            </Method>
            <Method cyclomaticComplexity="1">
              <MetadataToken>100663313</MetadataToken>
              <Name>System.Void Raptorious.Finance.Swift.CustomerStatement::set_StatementNumber(System.Int32)</Name>
              <SequencePoints />
            </Method>
            <Method cyclomaticComplexity="1">
              <MetadataToken>100663314</MetadataToken>
              <Name>System.Int32 Raptorious.Finance.Swift.CustomerStatement::get_SequenceNumber()</Name>
              <SequencePoints />
            </Method>
            <Method cyclomaticComplexity="1">
              <MetadataToken>100663315</MetadataToken>
              <Name>System.Void Raptorious.Finance.Swift.CustomerStatement::set_SequenceNumber(System.Int32)</Name>
              <SequencePoints />
            </Method>
            <Method cyclomaticComplexity="1">
              <MetadataToken>100663316</MetadataToken>
              <Name>Raptorious.Finance.Swift.TransactionBalance Raptorious.Finance.Swift.CustomerStatement::get_OpeningBalance()</Name>
              <SequencePoints />
            </Method>
            <Method cyclomaticComplexity="1">
              <MetadataToken>100663317</MetadataToken>
              <Name>System.Void Raptorious.Finance.Swift.CustomerStatement::set_OpeningBalance(Raptorious.Finance.Swift.TransactionBalance)</Name>
              <SequencePoints />
            </Method>
            <Method cyclomaticComplexity="1">
              <MetadataToken>100663318</MetadataToken>
              <Name>Raptorious.Finance.Swift.TransactionBalance Raptorious.Finance.Swift.CustomerStatement::get_ClosingBalance()</Name>
              <SequencePoints />
            </Method>
            <Method cyclomaticComplexity="1">
              <MetadataToken>100663319</MetadataToken>
              <Name>System.Void Raptorious.Finance.Swift.CustomerStatement::set_ClosingBalance(Raptorious.Finance.Swift.TransactionBalance)</Name>
              <SequencePoints />
            </Method>
            <Method cyclomaticComplexity="1">
              <MetadataToken>100663320</MetadataToken>
              <Name>Raptorious.Finance.Swift.TransactionBalance Raptorious.Finance.Swift.CustomerStatement::get_ClosingAvailableBalance()</Name>
              <SequencePoints />
            </Method>
            <Method cyclomaticComplexity="1">
              <MetadataToken>100663321</MetadataToken>
              <Name>System.Void Raptorious.Finance.Swift.CustomerStatement::set_ClosingAvailableBalance(Raptorious.Finance.Swift.TransactionBalance)</Name>
              <SequencePoints />
            </Method>
            <Method cyclomaticComplexity="1">
              <MetadataToken>100663322</MetadataToken>
              <Name>Raptorious.Finance.Swift.TransactionBalance Raptorious.Finance.Swift.CustomerStatement::get_ForwardAvailableBalance()</Name>
              <SequencePoints />
            </Method>
            <Method cyclomaticComplexity="1">
              <MetadataToken>100663323</MetadataToken>
              <Name>System.Void Raptorious.Finance.Swift.CustomerStatement::set_ForwardAvailableBalance(Raptorious.Finance.Swift.TransactionBalance)</Name>
              <SequencePoints />
            </Method>
            <Method cyclomaticComplexity="1">
              <MetadataToken>100663324</MetadataToken>
              <Name>System.String Raptorious.Finance.Swift.CustomerStatement::get_Description()</Name>
              <SequencePoints />
            </Method>
            <Method cyclomaticComplexity="1">
              <MetadataToken>100663325</MetadataToken>
              <Name>System.Void Raptorious.Finance.Swift.CustomerStatement::set_Description(System.String)</Name>
              <SequencePoints />
            </Method>
            <Method cyclomaticComplexity="1">
              <MetadataToken>100663326</MetadataToken>
              <Name>System.Collections.Generic.List`1&lt;Raptorious.Finance.Swift.Statement&gt; Raptorious.Finance.Swift.CustomerStatement::get_TransactionGroup()</Name>
              <SequencePoints />
            </Method>
            <Method cyclomaticComplexity="1">
              <MetadataToken>100663327</MetadataToken>
              <Name>System.Void Raptorious.Finance.Swift.CustomerStatement::set_TransactionGroup(System.Collections.Generic.List`1&lt;Raptorious.Finance.Swift.Statement&gt;)</Name>
              <SequencePoints />
            </Method>
            <Method cyclomaticComplexity="2">
              <MetadataToken>100663329</MetadataToken>
              <Name>System.Void Raptorious.Finance.Swift.CustomerStatement::SetSequenceNumber(System.String)</Name>
              <FileRef uid="16" />
              <SequencePoints>
                <SequencePoint ordinal="0" offset="0" sl="29" sc="9" el="29" ec="10" vc="0" uspid="186" />
                <SequencePoint ordinal="1" offset="1" sl="30" sc="13" el="30" ec="63" vc="0" uspid="187" />
                <SequencePoint ordinal="2" offset="21" sl="31" sc="13" el="31" ec="62" vc="0" uspid="188" />
                <SequencePoint ordinal="3" offset="36" sl="33" sc="13" el="33" ec="40" vc="0" uspid="189" />
                <SequencePoint ordinal="4" offset="49" sl="34" sc="13" el="34" ec="14" vc="0" uspid="190" />
                <SequencePoint ordinal="5" offset="50" sl="35" sc="17" el="35" ec="58" vc="0" uspid="191" />
                <SequencePoint ordinal="6" offset="59" sl="36" sc="17" el="36" ec="48" vc="0" uspid="192" />
                <SequencePoint ordinal="7" offset="67" sl="37" sc="13" el="37" ec="14" vc="0" uspid="193" />
                <SequencePoint ordinal="8" offset="68" sl="38" sc="9" el="38" ec="10" vc="0" uspid="194" />
              </SequencePoints>
            </Method>
          </Methods>
        </Class>
        <Class>
          <FullName>Raptorious.Finance.Swift.SwitftParser</FullName>
          <Methods>
            <Method cyclomaticComplexity="1">
              <MetadataToken>100663334</MetadataToken>
              <Name>System.Void Raptorious.Finance.Swift.SwitftParser::.ctor()</Name>
              <SequencePoints />
            </Method>
            <Method cyclomaticComplexity="1">
              <MetadataToken>100663330</MetadataToken>
              <Name>System.Collections.Generic.List`1&lt;Raptorious.Finance.Swift.CustomerStatement&gt; Raptorious.Finance.Swift.SwitftParser::ParseFile(System.String)</Name>
              <FileRef uid="17" />
              <SequencePoints>
                <SequencePoint ordinal="0" offset="0" sl="11" sc="9" el="11" ec="10" vc="0" uspid="195" />
                <SequencePoint ordinal="1" offset="1" sl="14" sc="13" el="14" ec="68" vc="0" uspid="196" />
                <SequencePoint ordinal="2" offset="19" sl="15" sc="13" el="15" ec="49" vc="0" uspid="197" />
                <SequencePoint ordinal="3" offset="29" sl="16" sc="9" el="16" ec="10" vc="0" uspid="198" />
              </SequencePoints>
            </Method>
            <Method cyclomaticComplexity="1">
              <MetadataToken>100663331</MetadataToken>
              <Name>System.Collections.Generic.List`1&lt;Raptorious.Finance.Swift.CustomerStatement&gt; Raptorious.Finance.Swift.SwitftParser::ParseData(System.String)</Name>
              <FileRef uid="17" />
              <SequencePoints>
                <SequencePoint ordinal="0" offset="0" sl="19" sc="9" el="19" ec="10" vc="0" uspid="199" />
                <SequencePoint ordinal="1" offset="1" sl="22" sc="13" el="22" ec="70" vc="0" uspid="200" />
                <SequencePoint ordinal="2" offset="9" sl="23" sc="13" el="23" ec="55" vc="0" uspid="201" />
                <SequencePoint ordinal="3" offset="19" sl="24" sc="9" el="24" ec="10" vc="0" uspid="202" />
              </SequencePoints>
            </Method>
            <Method cyclomaticComplexity="18">
              <MetadataToken>100663332</MetadataToken>
              <Name>System.Collections.Generic.List`1&lt;Raptorious.Finance.Swift.CustomerStatement&gt; Raptorious.Finance.Swift.SwitftParser::CreateObjectTransactions(System.Collections.Generic.List`1&lt;System.String[]&gt;)</Name>
              <FileRef uid="17" />
              <SequencePoints>
                <SequencePoint ordinal="0" offset="0" sl="27" sc="9" el="27" ec="10" vc="0" uspid="203" />
                <SequencePoint ordinal="1" offset="1" sl="30" sc="13" el="30" ec="91" vc="0" uspid="204" />
                <SequencePoint ordinal="2" offset="7" sl="31" sc="13" el="31" ec="20" vc="0" uspid="205" />
                <SequencePoint ordinal="3" offset="8" sl="31" sc="46" el="31" ec="50" vc="0" uspid="206" />
                <SequencePoint ordinal="4" offset="21" sl="31" sc="22" el="31" ec="42" vc="0" uspid="207" />
                <SequencePoint ordinal="5" offset="29" sl="32" sc="13" el="32" ec="14" vc="0" uspid="208" />
                <SequencePoint ordinal="6" offset="30" sl="33" sc="17" el="33" ec="44" vc="0" uspid="209" />
                <SequencePoint ordinal="7" offset="32" sl="34" sc="17" el="34" ec="41" vc="0" uspid="210" />
                <SequencePoint ordinal="8" offset="36" sl="36" sc="17" el="36" ec="79" vc="0" uspid="211" />
                <SequencePoint ordinal="9" offset="42" sl="38" sc="17" el="38" ec="44" vc="0" uspid="212" />
                <SequencePoint ordinal="10" offset="50" sl="40" sc="17" el="40" ec="18" vc="0" uspid="213" />
                <SequencePoint ordinal="11" offset="51" sl="41" sc="21" el="41" ec="78" vc="0" uspid="214" />
                <SequencePoint ordinal="12" offset="56" sl="43" sc="21" el="43" ec="49" vc="0" uspid="215" />
                <SequencePoint ordinal="13" offset="70" sl="44" sc="21" el="44" ec="22" vc="0" uspid="216" />
                <SequencePoint ordinal="14" offset="71" sl="45" sc="25" el="45" ec="131" vc="0" uspid="217" />
                <SequencePoint ordinal="15" offset="101" sl="46" sc="25" el="46" ec="88" vc="0" uspid="218" />
                <SequencePoint ordinal="16" offset="117" sl="48" sc="25" el="48" ec="37" vc="0" uspid="219" />
                <SequencePoint ordinal="17" offset="433" sl="51" sc="33" el="51" ec="90" vc="0" uspid="220" />
                <SequencePoint ordinal="18" offset="442" sl="52" sc="33" el="52" ec="39" vc="0" uspid="221" />
                <SequencePoint ordinal="19" offset="447" sl="54" sc="33" el="54" ec="84" vc="0" uspid="222" />
                <SequencePoint ordinal="20" offset="456" sl="55" sc="33" el="55" ec="39" vc="0" uspid="223" />
                <SequencePoint ordinal="21" offset="461" sl="57" sc="33" el="57" ec="77" vc="0" uspid="224" />
                <SequencePoint ordinal="22" offset="470" sl="58" sc="33" el="58" ec="39" vc="0" uspid="225" />
                <SequencePoint ordinal="23" offset="475" sl="61" sc="33" el="61" ec="86" vc="0" uspid="226" />
                <SequencePoint ordinal="24" offset="484" sl="62" sc="33" el="62" ec="39" vc="0" uspid="227" />
                <SequencePoint ordinal="25" offset="489" sl="66" sc="33" el="66" ec="108" vc="0" uspid="228" />
                <SequencePoint ordinal="26" offset="503" sl="67" sc="33" el="67" ec="39" vc="0" uspid="229" />
                <SequencePoint ordinal="27" offset="505" sl="69" sc="33" el="69" ec="76" vc="0" uspid="230" />
                <SequencePoint ordinal="28" offset="514" sl="70" sc="33" el="70" ec="39" vc="0" uspid="231" />
                <SequencePoint ordinal="29" offset="516" sl="72" sc="33" el="72" ec="55" vc="0" uspid="232" />
                <SequencePoint ordinal="30" offset="530" sl="73" sc="37" el="73" ec="85" vc="0" uspid="233" />
                <SequencePoint ordinal="31" offset="541" sl="75" sc="33" el="75" ec="34" vc="0" uspid="234" />
                <SequencePoint ordinal="32" offset="542" sl="76" sc="37" el="76" ec="77" vc="0" uspid="235" />
                <SequencePoint ordinal="33" offset="552" sl="77" sc="37" el="77" ec="87" vc="0" uspid="236" />
                <SequencePoint ordinal="34" offset="566" sl="78" sc="37" el="78" ec="54" vc="0" uspid="237" />
                <SequencePoint ordinal="35" offset="569" sl="79" sc="33" el="79" ec="34" vc="0" uspid="238" />
                <SequencePoint ordinal="36" offset="570" sl="80" sc="33" el="80" ec="39" vc="0" uspid="239" />
                <SequencePoint ordinal="37" offset="572" sl="84" sc="33" el="84" ec="108" vc="0" uspid="240" />
                <SequencePoint ordinal="38" offset="586" sl="85" sc="33" el="85" ec="39" vc="0" uspid="241" />
                <SequencePoint ordinal="39" offset="588" sl="87" sc="33" el="87" ec="117" vc="0" uspid="242" />
                <SequencePoint ordinal="40" offset="602" sl="88" sc="33" el="88" ec="39" vc="0" uspid="243" />
                <SequencePoint ordinal="41" offset="604" sl="90" sc="33" el="90" ec="117" vc="0" uspid="244" />
                <SequencePoint ordinal="42" offset="618" sl="91" sc="33" el="91" ec="39" vc="0" uspid="245" />
                <SequencePoint ordinal="43" offset="620" sl="93" sc="21" el="93" ec="22" vc="0" uspid="246" />
                <SequencePoint ordinal="44" offset="621" sl="94" sc="17" el="94" ec="18" vc="0" uspid="247" />
                <SequencePoint ordinal="45" offset="622" sl="39" sc="65" el="39" ec="85" vc="0" uspid="248" />
                <SequencePoint ordinal="46" offset="626" sl="39" sc="24" el="39" ec="63" vc="0" uspid="249" />
                <SequencePoint ordinal="47" offset="641" sl="97" sc="17" el="97" ec="62" vc="0" uspid="250" />
                <SequencePoint ordinal="48" offset="649" sl="98" sc="17" el="98" ec="61" vc="0" uspid="251" />
                <SequencePoint ordinal="49" offset="655" sl="99" sc="13" el="99" ec="14" vc="0" uspid="252" />
                <SequencePoint ordinal="50" offset="656" sl="31" sc="43" el="31" ec="45" vc="0" uspid="253" />
                <SequencePoint ordinal="51" offset="690" sl="101" sc="13" el="101" ec="42" vc="0" uspid="254" />
                <SequencePoint ordinal="52" offset="695" sl="102" sc="9" el="102" ec="10" vc="0" uspid="255" />
              </SequencePoints>
            </Method>
            <Method cyclomaticComplexity="5">
              <MetadataToken>100663333</MetadataToken>
              <Name>System.Collections.Generic.List`1&lt;System.String[]&gt; Raptorious.Finance.Swift.SwitftParser::CreateStringTransactions(System.String)</Name>
              <FileRef uid="17" />
              <SequencePoints>
                <SequencePoint ordinal="0" offset="0" sl="105" sc="9" el="105" ec="10" vc="0" uspid="256" />
                <SequencePoint ordinal="1" offset="1" sl="106" sc="13" el="106" ec="108" vc="0" uspid="257" />
                <SequencePoint ordinal="2" offset="28" sl="108" sc="13" el="108" ec="64" vc="0" uspid="258" />
                <SequencePoint ordinal="3" offset="34" sl="110" sc="13" el="110" ec="29" vc="0" uspid="259" />
                <SequencePoint ordinal="4" offset="41" sl="112" sc="13" el="112" ec="14" vc="0" uspid="260" />
                <SequencePoint ordinal="5" offset="42" sl="113" sc="17" el="113" ec="77" vc="0" uspid="261" />
                <SequencePoint ordinal="6" offset="55" sl="114" sc="17" el="114" ec="41" vc="0" uspid="262" />
                <SequencePoint ordinal="7" offset="68" sl="115" sc="17" el="115" ec="18" vc="0" uspid="263" />
                <SequencePoint ordinal="8" offset="69" sl="116" sc="21" el="116" ec="88" vc="0" uspid="264" />
                <SequencePoint ordinal="9" offset="79" sl="117" sc="21" el="117" ec="102" vc="0" uspid="265" />
                <SequencePoint ordinal="10" offset="94" sl="119" sc="26" el="119" ec="68" vc="0" uspid="266" />
                <SequencePoint ordinal="11" offset="104" sl="120" sc="21" el="120" ec="22" vc="0" uspid="267" />
                <SequencePoint ordinal="12" offset="105" sl="121" sc="25" el="121" ec="76" vc="0" uspid="268" />
                <SequencePoint ordinal="13" offset="112" sl="122" sc="25" el="122" ec="62" vc="0" uspid="269" />
                <SequencePoint ordinal="14" offset="130" sl="123" sc="25" el="123" ec="26" vc="0" uspid="270" />
                <SequencePoint ordinal="15" offset="131" sl="124" sc="29" el="124" ec="82" vc="0" uspid="271" />
                <SequencePoint ordinal="16" offset="159" sl="125" sc="29" el="125" ec="78" vc="0" uspid="272" />
                <SequencePoint ordinal="17" offset="184" sl="127" sc="29" el="127" ec="62" vc="0" uspid="273" />
                <SequencePoint ordinal="18" offset="190" sl="128" sc="25" el="128" ec="26" vc="0" uspid="274" />
                <SequencePoint ordinal="19" offset="191" sl="129" sc="21" el="129" ec="22" vc="0" uspid="275" />
                <SequencePoint ordinal="20" offset="192" sl="119" sc="80" el="119" ec="87" vc="0" uspid="276" />
                <SequencePoint ordinal="21" offset="198" sl="119" sc="69" el="119" ec="78" vc="0" uspid="277" />
                <SequencePoint ordinal="22" offset="209" sl="131" sc="21" el="131" ec="58" vc="0" uspid="278" />
                <SequencePoint ordinal="23" offset="218" sl="132" sc="21" el="132" ec="52" vc="0" uspid="279" />
                <SequencePoint ordinal="24" offset="222" sl="133" sc="17" el="133" ec="18" vc="0" uspid="280" />
                <SequencePoint ordinal="25" offset="223" sl="134" sc="13" el="134" ec="14" vc="0" uspid="281" />
                <SequencePoint ordinal="26" offset="224" sl="111" sc="13" el="111" ec="47" vc="0" uspid="282" />
                <SequencePoint ordinal="27" offset="239" sl="136" sc="13" el="136" ec="33" vc="0" uspid="283" />
                <SequencePoint ordinal="28" offset="244" sl="137" sc="9" el="137" ec="10" vc="0" uspid="284" />
              </SequencePoints>
            </Method>
          </Methods>
        </Class>
        <Class>
          <FullName>Raptorious.Finance.Swift.DebitCredit</FullName>
          <Methods />
        </Class>
        <Class>
          <FullName>Raptorious.Finance.Swift.DebitCreditFactory</FullName>
          <Methods>
            <Method cyclomaticComplexity="1">
              <MetadataToken>100663336</MetadataToken>
              <Name>System.Void Raptorious.Finance.Swift.DebitCreditFactory::.ctor()</Name>
              <SequencePoints />
            </Method>
            <Method cyclomaticComplexity="6">
              <MetadataToken>100663335</MetadataToken>
              <Name>Raptorious.Finance.Swift.DebitCredit Raptorious.Finance.Swift.DebitCreditFactory::Create(System.String)</Name>
              <FileRef uid="18" />
              <SequencePoints>
                <SequencePoint ordinal="0" offset="0" sl="13" sc="9" el="13" ec="10" vc="2" uspid="285" />
                <SequencePoint ordinal="1" offset="1" sl="14" sc="13" el="14" ec="25" vc="2" uspid="286" />
                <SequencePoint ordinal="2" offset="60" sl="17" sc="21" el="17" ec="46" vc="0" uspid="287" />
                <SequencePoint ordinal="3" offset="64" sl="19" sc="21" el="19" ec="47" vc="2" uspid="288" />
                <SequencePoint ordinal="4" offset="68" sl="21" sc="21" el="21" ec="43" vc="0" uspid="289" />
                <SequencePoint ordinal="5" offset="72" sl="23" sc="21" el="23" ec="43" vc="0" uspid="290" />
                <SequencePoint ordinal="6" offset="76" sl="26" sc="13" el="26" ec="55" vc="0" uspid="291" />
                <SequencePoint ordinal="7" offset="88" sl="27" sc="9" el="27" ec="10" vc="2" uspid="292" />
              </SequencePoints>
            </Method>
          </Methods>
        </Class>
        <Class>
          <FullName>Raptorious.Finance.Swift.Statement</FullName>
          <Methods>
            <Method cyclomaticComplexity="1">
              <MetadataToken>100663355</MetadataToken>
              <Name>System.Void Raptorious.Finance.Swift.Statement::.ctor(System.String)</Name>
              <FileRef uid="19" />
              <SequencePoints>
                <SequencePoint ordinal="0" offset="0" sl="19" sc="9" el="19" ec="38" vc="0" uspid="293" />
                <SequencePoint ordinal="1" offset="7" sl="20" sc="9" el="20" ec="10" vc="0" uspid="294" />
                <SequencePoint ordinal="2" offset="8" sl="21" sc="13" el="21" ec="243" vc="0" uspid="295" />
                <SequencePoint ordinal="3" offset="19" sl="22" sc="13" el="22" ec="45" vc="0" uspid="296" />
                <SequencePoint ordinal="4" offset="27" sl="24" sc="13" el="24" ec="26" vc="0" uspid="297" />
                <SequencePoint ordinal="5" offset="35" sl="26" sc="13" el="29" ec="59" vc="0" uspid="298" />
                <SequencePoint ordinal="6" offset="135" sl="31" sc="13" el="34" ec="60" vc="0" uspid="299" />
                <SequencePoint ordinal="7" offset="235" sl="36" sc="13" el="36" ec="72" vc="0" uspid="300" />
                <SequencePoint ordinal="8" offset="257" sl="37" sc="13" el="37" ec="70" vc="0" uspid="301" />
                <SequencePoint ordinal="9" offset="270" sl="39" sc="13" el="39" ec="72" vc="0" uspid="302" />
                <SequencePoint ordinal="10" offset="303" sl="41" sc="13" el="41" ec="69" vc="0" uspid="303" />
                <SequencePoint ordinal="11" offset="331" sl="42" sc="13" el="42" ec="57" vc="0" uspid="304" />
                <SequencePoint ordinal="12" offset="359" sl="43" sc="13" el="43" ec="57" vc="0" uspid="305" />
                <SequencePoint ordinal="13" offset="387" sl="44" sc="9" el="44" ec="10" vc="0" uspid="306" />
              </SequencePoints>
            </Method>
            <Method cyclomaticComplexity="1">
              <MetadataToken>100663337</MetadataToken>
              <Name>System.String Raptorious.Finance.Swift.Statement::get_Value()</Name>
              <SequencePoints />
            </Method>
            <Method cyclomaticComplexity="1">
              <MetadataToken>100663338</MetadataToken>
              <Name>System.Void Raptorious.Finance.Swift.Statement::set_Value(System.String)</Name>
              <SequencePoints />
            </Method>
            <Method cyclomaticComplexity="1">
              <MetadataToken>100663339</MetadataToken>
              <Name>System.String Raptorious.Finance.Swift.Statement::get_Description()</Name>
              <SequencePoints />
            </Method>
            <Method cyclomaticComplexity="1">
              <MetadataToken>100663340</MetadataToken>
              <Name>System.Void Raptorious.Finance.Swift.Statement::set_Description(System.String)</Name>
              <SequencePoints />
            </Method>
            <Method cyclomaticComplexity="1">
              <MetadataToken>100663341</MetadataToken>
              <Name>System.DateTime Raptorious.Finance.Swift.Statement::get_ValueDate()</Name>
              <SequencePoints />
            </Method>
            <Method cyclomaticComplexity="1">
              <MetadataToken>100663342</MetadataToken>
              <Name>System.Void Raptorious.Finance.Swift.Statement::set_ValueDate(System.DateTime)</Name>
              <SequencePoints />
            </Method>
            <Method cyclomaticComplexity="1">
              <MetadataToken>100663343</MetadataToken>
              <Name>System.DateTime Raptorious.Finance.Swift.Statement::get_EntryDate()</Name>
              <SequencePoints />
            </Method>
            <Method cyclomaticComplexity="1">
              <MetadataToken>100663344</MetadataToken>
              <Name>System.Void Raptorious.Finance.Swift.Statement::set_EntryDate(System.DateTime)</Name>
              <SequencePoints />
            </Method>
            <Method cyclomaticComplexity="1">
              <MetadataToken>100663345</MetadataToken>
              <Name>System.String Raptorious.Finance.Swift.Statement::get_FundsCode()</Name>
              <SequencePoints />
            </Method>
            <Method cyclomaticComplexity="1">
              <MetadataToken>100663346</MetadataToken>
              <Name>System.Void Raptorious.Finance.Swift.Statement::set_FundsCode(System.String)</Name>
              <SequencePoints />
            </Method>
            <Method cyclomaticComplexity="1">
              <MetadataToken>100663347</MetadataToken>
              <Name>System.Decimal Raptorious.Finance.Swift.Statement::get_Ammount()</Name>
              <SequencePoints />
            </Method>
            <Method cyclomaticComplexity="1">
              <MetadataToken>100663348</MetadataToken>
              <Name>System.Void Raptorious.Finance.Swift.Statement::set_Ammount(System.Decimal)</Name>
              <SequencePoints />
            </Method>
            <Method cyclomaticComplexity="1">
              <MetadataToken>100663349</MetadataToken>
              <Name>System.String Raptorious.Finance.Swift.Statement::get_TransactionType()</Name>
              <SequencePoints />
            </Method>
            <Method cyclomaticComplexity="1">
              <MetadataToken>100663350</MetadataToken>
              <Name>System.Void Raptorious.Finance.Swift.Statement::set_TransactionType(System.String)</Name>
              <SequencePoints />
            </Method>
            <Method cyclomaticComplexity="1">
              <MetadataToken>100663351</MetadataToken>
              <Name>System.String Raptorious.Finance.Swift.Statement::get_Reference()</Name>
              <SequencePoints />
            </Method>
            <Method cyclomaticComplexity="1">
              <MetadataToken>100663352</MetadataToken>
              <Name>System.Void Raptorious.Finance.Swift.Statement::set_Reference(System.String)</Name>
              <SequencePoints />
            </Method>
            <Method cyclomaticComplexity="1">
              <MetadataToken>100663353</MetadataToken>
              <Name>Raptorious.Finance.Swift.DebitCredit Raptorious.Finance.Swift.Statement::get_DebitCredit()</Name>
              <SequencePoints />
            </Method>
            <Method cyclomaticComplexity="1">
              <MetadataToken>100663354</MetadataToken>
              <Name>System.Void Raptorious.Finance.Swift.Statement::set_DebitCredit(Raptorious.Finance.Swift.DebitCredit)</Name>
              <SequencePoints />
            </Method>
          </Methods>
        </Class>
        <Class>
          <FullName>&lt;PrivateImplementationDetails&gt;{058F9418-3654-4FF5-81AC-208775F15DD9}</FullName>
          <Methods />
        </Class>
      </Classes>
    </Module>
  </Modules>
  <VisitPoints />
</CoverageSession>